curl -X POST http://localhost:8080/api/addPayment -H "Content-Type: application/json" -d "{\"paymentMethod\":\"NEFT\",\"amount\":100,\"transactionId\":\"qdhjgdKQkfjgweiufgkjbfhsdlk\", \"timestamp\":\"2025-10-05T16:55:00\"}"
payment added successfully
C:\Users\HP\Downloads>curl -X POST http://localhost:8080/api/addPayment -H "Content-Type: application/json" -d "{\"paymentMethod\":\"NEFT\",\"amount\":100,\"transactionId\":\"qdhjgdKQkfjgweiufgkjbfhsdlk\", \"timestamp\":\"2025-10-05T16:55:00\"}"
payment added successfully
C:\Users\HP\Downloads>curl -X POST http://localhost:8080/api/addPayment -H "Content-Type: application/json" -d "{\"paymentMethod\":\"RTGS\",\"amount\":10000000,\"transactionId\":\"qdhjgdKQkfjgweiufgkjbfhsdlk\", \"timestamp\":\"2025-10-05T16:55:00\"}"
payment added successfully
C:\Users\HP\Downloads>curl http://localhost:8080/api/subscriptions/fetchUserPaymentHistory?1
{"timestamp":"2025-10-14T13:54:09.093+00:00","status":404,"error":"Not Found","path":"/api/subscriptions/fetchUserPaymentHistory"}
C:\Users\HP\Downloads>curl http://localhost:8080/api/subscriptions/fetchUserPaymentHistory/1
{"timestamp":"2025-10-14T13:54:19.223+00:00","status":500,"error":"Internal Server Error","path":"/api/subscriptions/fetchUserPaymentHistory/1"}
C:\Users\HP\Downloads>curl -X POST http://localhost:8080/api/addPayment -H "Content-Type: application/json" -d "{\"paymentMethod\":\"RTGS\",\"amount\":10000000,\"transactionId\":\"qdhjgdKQkfjgweiufgkjbfhsdlk\", \"timestamp\":\"2025-10-05T16:55:00\"}"
payment added successfully
C:\Users\HP\Downloads>curl -X POST http://localhost:8080/api/addPayment -H "Content-Type: application/json" -d "{\"paymentMethod\":\"NEFT\",\"amount\":1000,\"transactionId\":\"qdhjgdKQkfjgweiufgkjbfhsdlk\", \"timestamp\":\"2025-10-05T16:55:00\"}"
payment added successfully
C:\Users\HP\Downloads>curl http://localhost:8080/api/subscriptions/fetchUserPaymentHistory?userId=1
{"timestamp":"2025-10-14T14:03:46.817+00:00","status":500,"error":"Internal Server Error","path":"/api/subscriptions/fetchUserPaymentHistory"}
C:\Users\HP\Downloads>curl -X POST http://localhost:8080/api/addPayment -H "Content-Type: application/json" -d "{\"paymentMethod\":\"NEFT\",\"amount\":1000,\"transactionId\":\"qdhjgdKQkfjgweiufgkjbfhsdlk\", \"timestamp\":\"2025-10-05T16:55:00\"}"
payment added successfully
C:\Users\HP\Downloads>curl -X POST http://localhost:8080/api/addPayment -H "Content-Type: application/json" -d "{\"paymentMethod\":\"RTGS\",\"amount\":10000000,\"transactionId\":\"qdhjgdKQkfjgweiufgkjbfhsdlk\", \"timestamp\":\"2025-10-05T16:55:00\"}"
payment added successfully
C:\Users\HP\Downloads>curl http://localhost:8080/api/subscriptions/fetchUserPaymentHistory?userId=1
[{"id":1,"paymentMethod":"NEFT","amount":1000.0,"transactionId":"qdhjgdKQkfjgweiufgkjbfhsdlk","timestamp":"2025-10-05T16:55:00"},{"id":2,"paymentMethod":"RTGS","amount":1.0E7,"transactionId":"qdhjgdKQkfjgweiufgkjbfhsdlk","timestamp":"2025-10-05T16:55:00"}]
C:\Users\HP\Downloads>curl -X POST http://localhost:8080/api/addPayment -H "Content-Type: application/json" -d "{\"paymentMethod\":\"NEFT\",\"amount\":1000,\"transactionId\":\"qdhjgdKQkfjgweiufgkjbfhsdlk\", \"timestamp\":\"2025-10-05T16:55:00\"}"
payment added successfully
C:\Users\HP\Downloads>curl -X POST http://localhost:8080/api/addPayment -H "Content-Type: application/json" -d "{\"paymentMethod\":\"RTGS\",\"amount\":10000000,\"transactionId\":\"qdhjgdKQkfjgweiufgkjbfhsdlk\", \"timestamp\":\"2025-10-05T16:55:00\"}"
payment added successfully
C:\Users\HP\Downloads>curl http://localhost:8080/api/subscriptions/fetchUserPaymentHistory?userId=1
{"id":1,"paymentMethod":"NEFT","amount":1000.0,"transactionId":"qdhjgdKQkfjgweiufgkjbfhsdlk","timestamp":"2025-10-05T16:55:00"}
C:\Users\HP\Downloads>curl -X POST http://localhost:8080/api/addPayment -H "Content-Type: application/json" -d "{\"paymentMethod\":\"NEFT\",\"amount\":1000,\"transactionId\":\"qdhjgdKQkfjgweiufgkjbfhsdlk\", \"timestamp\":\"2025-10-05T16:55:00\"}"
payment added successfully
C:\Users\HP\Downloads>curl -X POST http://localhost:8080/api/addPayment -H "Content-Type: application/json" -d "{\"paymentMethod\":\"RTGS\",\"amount\":10000000,\"transactionId\":\"qdhjgdKQkfjgweiufgkjbfhsdlk\", \"timestamp\":\"2025-10-05T16:55:00\"}"
payment added successfully
C:\Users\HP\Downloads>curl http://localhost:8080/api/subscriptions/fetchUserPaymentHistory?userId=1
{"id":1,"paymentMethod":"NEFT","amount":1000.0,"transactionId":"qdhjgdKQkfjgweiufgkjbfhsdlk","timestamp":"2025-10-05T16:55:00"}
C:\Users\HP\Downloads>curl -X PUT "http://localhost:8080/api/payments?userId=1"  -H "Content-Type: application/json"  -d '{"amount": 1000,"paymentMethod": "UPI","timestamp": "2025-10-14T12:00:00","transactionId": "TXN123456"}'
{"timestamp":"2025-10-14T14:43:54.690+00:00","status":400,"error":"Bad Request","path":"/api/payments"}curl: (3) URL rejected: Port number was not a decimal number between 0 and 65535
curl: (3) URL rejected: Port number was not a decimal number between 0 and 65535
curl: (3) URL rejected: Port number was not a decimal number between 0 and 65535
curl: (3) unmatched close brace/bracket in URL position 10:
TXN123456}'
         ^

C:\Users\HP\Downloads>curl -X PUT "http://localhost:8080/api/payments?userId=1" -H "Content-Type: application/json" -d "{\"amount\": 1000, \"paymentMethod\": \"UPI\", \"transactionId\": \"TXN123456\", \"timestamp\": \"2025-10-14T12:00:00\"}"

C:\Users\HP\Downloads>curl -X PUT "http://localhost:8080/api/payments?userId=1" -H "Content-Type: application/json" -d "{\"amount\": 1000, \"paymentMethod\": \"UPI\", \"transactionId\": \"TXN123456\", \"timestamp\": \"2025-10-14T12:00:00\"}"

C:\Users\HP\Downloads>curl -X POST http://localhost:8080/api/addPayment -H "Content-Type: application/json" -d "{\"paymentMethod\":\"NEFT\",\"amount\":1000,\"transactionId\":\"qdhjgdKQkfjgweiufgkjbfhsdlk\", \"timestamp\":\"2025-10-05T16:55:00\"}"
payment added successfully
C:\Users\HP\Downloads>curl -X POST http://localhost:8080/api/addPayment -H "Content-Type: application/json" -d "{\"paymentMethod\":\"RTGS\",\"amount\":10000000,\"transactionId\":\"qdhjgdKQkfjgweiufgkjbfhsdlk\", \"timestamp\":\"2025-10-05T16:55:00\"}"
payment added successfully
C:\Users\HP\Downloads>curl http://localhost:8080/api/subscriptions/fetchUserPaymentHistory?userId=1
{"id":1,"paymentMethod":"NEFT","amount":1000.0,"transactionId":"qdhjgdKQkfjgweiufgkjbfhsdlk","timestamp":"2025-10-05T16:55:00"}
C:\Users\HP\Downloads>curl -X PUT "http://localhost:8080/api/payments?userId=1"  -H "Content-Type: application/json"  -d '{"amount": 1000,"paymentMethod": "UPI","timestamp": "2025-10-14T12:00:00","transactionId": "TXN123456"}'
{"timestamp":"2025-10-14T14:51:14.344+00:00","status":400,"error":"Bad Request","path":"/api/payments"}curl: (3) URL rejected: Port number was not a decimal number between 0 and 65535
curl: (3) URL rejected: Port number was not a decimal number between 0 and 65535
curl: (3) URL rejected: Port number was not a decimal number between 0 and 65535
curl: (3) unmatched close brace/bracket in URL position 10:
TXN123456}'
         ^

C:\Users\HP\Downloads>curl -X PUT "http://localhost:8080/api/payments?userId=1" -H "Content-Type: application/json" -d "{\"amount\": 1000, \"paymentMethod\": \"UPI\", \"transactionId\": \"TXN123456\", \"timestamp\": \"2025-10-14T12:00:00\"}"
{"timestamp":"2025-10-14T14:51:30.380+00:00","status":500,"error":"Internal Server Error","path":"/api/payments"}
C:\Users\HP\Downloads>


curl -X PUT "http://localhost:8080/api/payments?userId=1" -H "Content-Type: application/json" -d "{\"id\": 1, \"amount\": 1000, \"paymentMethod\": \"UPI\", \"transactionId\": \"TXN123456\", \"timestamp\": \"2025-10-14T12:00:00\"}"
